
> furtail-web@0.1.0 test
> node --import tsx --test src/**/*.test.ts

✔ Furtail login page renders BPA-style branded choices: Google, Facebook, Instagram, X, Email, Create account (1.1784ms)
✔ every method routes through buildCentralAuthStartUrl (this app's own bridge), never a provider domain directly (0.6428ms)
✔ popup-blocked case falls back to a full-page redirect instead of failing silently (0.2606ms)
✔ the opener only trusts postMessage results via isTrustedCentralAuthPopupEvent (strict origin/source check) (0.1387ms)
✔ popup-complete page derives success from a plain query flag, never re-fetches or carries a token (1.0267ms)
✔ popup-complete page publishes only {type, success, issuedAt} to the opener and self-closes (0.166ms)
✔ popup-complete page shows a clear failure message with no technical detail leaked (0.1215ms)
✔ callback validates state against the stored cookie and requires a code_verifier before exchanging anything (1.0102ms)
✔ popup-mode outcomes (success and failure) both route through /popup-complete, never back to /login (0.225ms)
✔ non-popup outcomes preserve the original full-page redirect targets (0.1577ms)
✔ the popup-complete redirect carries only a success flag — never the access token, refresh token, or code (0.2455ms)
✔ session cookies are set httpOnly and the one-time oauth cookies are cleared on success (0.1592ms)
✔ rejects an unsupported method with 400, before setting any cookie or redirecting (7.7576ms)
✔ social methods (google/facebook/instagram/x) redirect straight to wpa_auth_api social start with PKCE + client params, never a provider domain (14.1336ms)
✔ email method redirects to the WPA hosted authorize page in email-only mode (2.4527ms)
✔ register method redirects to the WPA hosted register page with an /oauth/authorize continuation (0.9349ms)
✔ omitting popup defaults to a non-popup (full-page) flow (0.8482ms)
▶ isVideoMedia
  ✔ detects video by mimetype prefix (1.0859ms)
  ✔ detects video by .mp4 file extension when type is missing (0.8762ms)
  ✔ treats an image mimetype as not-video (0.1944ms)
  ✔ treats a url with no extension and no type as not-video (0.1415ms)
✔ isVideoMedia (5.777ms)
✔ DropdownMenuLabel renders successfully within DropdownMenuGroup (21.9849ms)
✔ DropdownMenuLabel throws an error when rendered outside DropdownMenuGroup (0.8798ms)
✔ Header source code defines correct menu composition and items (0.4059ms)
▶ CreatePostModal — no removed UI survives
  ✔ does not contain the old "Add to your post" footer label (0.9254ms)
  ✔ does not render a "More" options menu/button (0.3189ms)
  ✔ does not contain a permanent full-width "Add location" input (0.179ms)
  ✔ does not import the deleted duplicate-control components (0.1797ms)
  ✔ does not contain a "Background" label/button (swatches speak for themselves) (0.1701ms)
  ✔ does not define a hardcoded BACKGROUND_STYLES constant (0.1382ms)
  ✔ has exactly one Quick Picks row (single toolbar), not scattered duplicate controls (0.1887ms)
  ✔ the footer contains only the Post button — no Photo/Video/Emoji/Background there (0.2121ms)
  ✔ Photo/Video are NOT rendered inside the Quick Picks toolbar (moved below the caption/background row) (0.2553ms)
  ✔ caption placeholder matches the required copy (0.4023ms)
  ✔ background swatches render in a single scrollable row (no flex-wrap) (0.2559ms)
  ✔ background swatches are sourced from the database-backed query, not a local constant (0.1041ms)
✔ CreatePostModal — no removed UI survives (4.992ms)
▶ CreatePostModal — exact FINAL LAYOUT REFINEMENT hierarchy
  ✔ CaptionEditorWithPreview appears before BackgroundStylesScroller (0.1705ms)
  ✔ BackgroundStylesScroller appears before the Photo/Video action block (0.1051ms)
  ✔ Photo/Video action block appears before MediaPreviewGrid (0.1214ms)
  ✔ Photo and Video actions are labeled 'Select Photo' / 'Select Video' and appear exactly once each (0.1498ms)
  ✔ does not import EmojiPopover directly into the modal (it now lives inside CaptionEditorWithPreview) (0.0979ms)
  ✔ renders exactly one CaptionEditorWithPreview, one BackgroundStylesScroller, one MediaPreviewGrid (0.1416ms)
✔ CreatePostModal — exact FINAL LAYOUT REFINEMENT hierarchy (0.9912ms)
▶ CaptionEditorWithPreview — bordered field + embedded Emoji
  ✔ renders exactly one Emoji control, inside its own JSX (not the modal's) (0.1753ms)
  ✔ the default (no background) state uses a light border and soft rounded corners, not a heavy/dark border (0.0989ms)
  ✔ has a soft focus-within state (not a jarring hard outline) (0.0761ms)
  ✔ Emoji is positioned inside the editor's own corner via absolute positioning on a relative wrapper (0.098ms)
  ✔ the textarea reserves right padding so its text cannot render underneath the Emoji button (0.1174ms)
  ✔ the textarea has an accessible label (0.075ms)
  ✔ SCROLL FIX §9-10: never sets a permanent static overflow: 'hidden' on the textarea (the original bug — a static JSX style prop wins over adjustHeight's imperative fix once content exceeds max height) (0.1135ms)
  ✔ owns overflowY imperatively via the same code path that owns height, using the shared computeAutoGrowHeight rule (0.078ms)
  ✔ does not attach a custom wheel/scroll event handler — native textarea scrolling is relied on once overflow is fixed (§10) (0.0807ms)
✔ CaptionEditorWithPreview — bordered field + embedded Emoji (1.1641ms)
▶ EmojiPopover — accessible name and no duplicate control
  ✔ exposes aria-label="Add emoji" on its trigger (0.0988ms)
  ✔ supports a compact embedded mode for use inside the editor (0.0622ms)
✔ EmojiPopover — accessible name and no duplicate control (0.2417ms)
▶ CreatePostModal — old × selected-metadata chip row is fully removed (§12)
  ✔ does not import or render SelectedChip anywhere (0.1175ms)
  ✔ does not contain the old 'Selected metadata' chip-row comment block (0.1058ms)
  ✔ does not render a Remove-aria-label pattern for feeling/activity/pet/location/tag chips (0.2924ms)
✔ CreatePostModal — old × selected-metadata chip row is fully removed (§12) (0.6866ms)
▶ CreatePostModal — metadata selectors relabel themselves in place (§3-11)
  ✔ Post Type selector receives selectedKey and a selection-dependent icon (§3) (0.2577ms)
  ✔ Feeling selector receives selectedKey and an onClear (§4) (0.1619ms)
  ✔ Activity selector receives selectedKey and an onClear (§5) (0.1345ms)
  ✔ Category selector receives selectedKey + selectedLabel and an onClear (§10) (0.1284ms)
  ✔ Tags selector is multi-select with selectedKeys wired for trigger summarization (§11) (0.099ms)
  ✔ Pet selector (PetTagPopover) summarizes its own selection via summarizeMultiSelectLabel (§8) (0.3374ms)
  ✔ Location selector (LocationPopover) displays the saved value on its trigger (§9) (0.276ms)
  ✔ PopoverPicker's multi-select trigger uses the shared summarization helper, not a bespoke implementation (0.2799ms)
✔ CreatePostModal — metadata selectors relabel themselves in place (§3-11) (1.964ms)
▶ CreatePostModal — Public-style shared trigger family (§1, §14)
  ✔ every metadata selector renders via the shared SELECTOR_TRIGGER_CLASS / SelectorTriggerContent, not one-off markup (0.4995ms)
  ✔ Photo/Video action buttons keep their own distinct style (QUICK_PICK_TRIGGER_CLASS), unaffected by the selector unification (0.0871ms)
✔ CreatePostModal — Public-style shared trigger family (§1, §14) (0.688ms)
▶ CreatePostModal — Quick Picks row wraps instead of scrolling on desktop (§2)
  ✔ the toolbar uses flex-wrap and does not horizontally scroll (0.105ms)
✔ CreatePostModal — Quick Picks row wraps instead of scrolling on desktop (§2) (0.1628ms)
▶ CreatePostModal — idempotency key is untouched by selector state changes (§20 idempotency proof)
  ✔ idempotencyKeyRef.current is assigned only in the open-reset effect and the mutation lifecycle, never inside a selector handler (0.2288ms)
✔ CreatePostModal — idempotency key is untouched by selector state changes (§20 idempotency proof) (0.3032ms)
▶ CreatePostModal — metadata selectors are single static instances (§22 item 11 limitation proxy)
  ✔ Feeling/Activity/Category/Tags/PetTagPopover/LocationPopover are not rendered inside a .map() (no derived `key` prop that could force a remount) (0.1696ms)
✔ CreatePostModal — metadata selectors are single static instances (§22 item 11 limitation proxy) (0.2677ms)
▶ Selector option rows have a left-side visual (§1-8, §27)
  ✔ PopoverPicker renders each row through the shared SelectorOptionRow, passing a leading visual (0.167ms)
  ✔ PopoverPicker's leading visual prefers the option's own emoji and falls back to a domain fallbackIcon when absent (1.3385ms)
  ✔ Feeling and Activity pickers pass a fallbackIcon for the defensive missing-emoji case (§2, §3) (0.1586ms)
  ✔ Category and Tags pickers no longer force showEmoji={false} with no fallback — each now has a stable fallbackIcon (§6, §7) (0.1032ms)
  ✔ Pet popup rows use SelectorOptionRow with an Avatar leading visual and a paw-icon fallback, not the pet's initial letter (§4) (0.1282ms)
  ✔ Pet popup rows show a species/breed description line when available (0.0617ms)
  ✔ Location popup's text input has a left-side MapPin icon (§5) (0.0771ms)
  ✔ the shared SelectorOptionRow supports emoji/icon/avatar leading content plus an optional description and trailing override (0.0622ms)
  ✔ the closed trigger still contains the selected visual + label after selection (Feeling/Activity keep their icon+label trigger) (0.0762ms)
✔ Selector option rows have a left-side visual (§1-8, §27) (2.4291ms)
▶ Text limit, background eligibility, and media/background exclusivity are wired from create-post-rules.ts (§11-21, §27ff)
  ✔ imports and uses isOverCaptionLimit to gate submission, not an inline re-derivation (0.1238ms)
  ✔ imports and uses isBackgroundEligible to gate the background swatch row's visibility (0.0734ms)
  ✔ imports and uses shouldClearBackgroundForCaptionLength inside the caption onChange handler (0.0744ms)
  ✔ imports and uses shouldClearBackgroundForMedia inside the media-select handler (0.059ms)
  ✔ caption text itself is never truncated by the background-eligibility auto-clear (only backgroundStyle is conditionally cleared) (0.0769ms)
  ✔ fetches the composer config from the backend and falls back to the shared FALLBACK_* constants, not separately-hardcoded numbers (0.151ms)
  ✔ shows a character counter only near the limit, with an error state at/over it (0.0913ms)
  ✔ the media-select and caption-onChange toasts use the exact wording from the spec (0.0662ms)
✔ Text limit, background eligibility, and media/background exclusivity are wired from create-post-rules.ts (§11-21, §27ff) (0.9046ms)
✔ ConversationListItem uses conversationId as the canonical identifier, not id (0.9059ms)
✔ createPost passes an explicitly supplied idempotencyKey through as the Idempotency-Key header (82.0073ms)
✔ createPost called twice with the same explicit key sends the same header both times (retry contract) (6.9723ms)
✔ createPost without an explicit key falls back to fetchApi's existing generic per-call UUID (unchanged pre-existing behavior) (14.9239ms)
✔ a different call (new logical post) with no shared key produces two different Idempotency-Key headers (1.8805ms)
▶ normalizeAuthor
  ✔ handles normal author with displayName (1.0217ms)
  ✔ handles missing displayName by falling back to Furtail User (0.1919ms)
  ✔ handles empty string displayName (0.1479ms)
  ✔ handles missing avatar (0.1679ms)
  ✔ handles completely null/undefined author (0.1408ms)
  ✔ handles legacy/malformed author payload with flat fields (0.1448ms)
  ✔ maps canonical id to both id (number) and userId (string) (0.1384ms)
  ✔ handles duplicate user record deduplication using a Set (0.2309ms)
✔ normalizeAuthor (3.6402ms)
▶ normalizePost
  ✔ normalizes posts with nested media objects from social API (0.3976ms)
  ✔ normalizes a real captured feed payload (two fresh images, order preserved, full field set) (0.334ms)
  ✔ normalizes posts with flat media objects (0.1875ms)
✔ normalizePost (1.1462ms)
▶ groupStoriesByAuthor
  ✔ groups multiple stories from the same author into one tray (0.9256ms)
  ✔ preserves first-seen order of authors from the feed (0.8161ms)
  ✔ marks a tray allViewed only when every story in it is viewed (0.1667ms)
  ✔ marks a tray allViewed when all its stories are viewed (0.1519ms)
  ✔ returns an empty array for an empty feed (0.1293ms)
✔ groupStoriesByAuthor (3.4177ms)
✔ buildCentralAuthStartUrl points at this app's own /api/auth/login bridge, never a WPA/provider URL directly (1.9087ms)
✔ buildCentralAuthStartUrl omits the popup flag for the full-page fallback (0.2875ms)
✔ buildCentralAuthStartUrl supports the register method (0.3112ms)
✔ openCentralAuthPopup opens a named popup window and focuses it (5.1707ms)
✔ openCentralAuthPopup returns null when the browser blocks the popup (0.5568ms)
✔ isTrustedCentralAuthPopupEvent rejects a mismatched origin (0.6696ms)
✔ isTrustedCentralAuthPopupEvent rejects a message from a different window than the tracked popup (0.7184ms)
✔ isTrustedCentralAuthPopupEvent rejects a malformed message shape (0.6454ms)
✔ isTrustedCentralAuthPopupEvent accepts a same-origin, same-source, well-formed message (0.4899ms)
✔ publishCentralAuthPopupResult posts only a type/success/issuedAt signal to window.opener — never OAuth material (1.3998ms)
▶ dedupeById
  ✔ keeps the first occurrence when the same id appears twice (0.8146ms)
  ✔ treats numeric and string ids that stringify the same as duplicates (0.1828ms)
  ✔ leaves a list with no duplicates unchanged in order (1.036ms)
✔ dedupeById (3.2575ms)
▶ getPageItems / setPageItems
  ✔ round-trips a bare-array page (0.4006ms)
  ✔ round-trips a {data} page shape (0.2819ms)
  ✔ round-trips an {items} page shape (0.206ms)
✔ getPageItems / setPageItems (1.2018ms)
▶ updateFirstPage (optimistic comment insert)
  ✔ prepends a new comment to only the first page (0.4223ms)
  ✔ never produces a duplicate id even if the updater introduces one (0.2452ms)
  ✔ is a no-op on an empty/undefined cache instead of throwing (0.1967ms)
✔ updateFirstPage (optimistic comment insert) (1.1285ms)
▶ updateAllPages (like/delete/reconcile)
  ✔ replacing a temp id with the real server comment never leaves both present (0.4478ms)
  ✔ applies a patch across every page, not just the first (0.1792ms)
✔ updateAllPages (like/delete/reconcile) (0.7859ms)
▶ extractComment
  ✔ unwraps a {item} envelope (0.1694ms)
  ✔ passes through a bare comment object (0.1139ms)
✔ extractComment (0.4088ms)
▶ inferPostType
  ✔ returns TEXT when no media (6.5192ms)
  ✔ returns IMAGE when only images (0.2542ms)
  ✔ returns VIDEO when any video is present (0.1703ms)
  ✔ returns VIDEO for video-only media (0.4671ms)
✔ inferPostType (12.6817ms)
▶ draftToCreatePostInput
  ✔ converts a text-only draft correctly (1.4426ms)
  ✔ includes only READY media and sorts by order (1.4325ms)
  ✔ never includes a clientId as a mediaId, even if it collides numerically with a real serverMediaId (0.3607ms)
  ✔ excludes READY-looking items that never actually received a serverMediaId (upload contract violation) (0.2232ms)
  ✔ preserves content tag IDs (1.365ms)
  ✔ omits contentTagIds when none are selected (0.4831ms)
  ✔ preserves tagged pet IDs (0.254ms)
  ✔ includes feeling/activity metadata (0.9279ms)
  ✔ includes lost pet information when provided (0.1626ms)
  ✔ handles privacy correctly (1.6789ms)
  ✔ handles background style for text posts (0.4827ms)
  ✔ includes location text (0.1683ms)
  ✔ SELECTOR UX UNIFICATION §20: a draft with Post Type + Feeling + Activity + Pet + Location + Category + Tags all set simultaneously builds a payload where every field survives — no selection erases an unrelated one (0.2706ms)
  ✔ includes music metadata when provided (0.2211ms)
✔ draftToCreatePostInput (10.4142ms)
▶ getPostTypeLabel
  ✔ maps every canonical backend value to its display label (0.8229ms)
  ✔ falls back to General for an unrecognized value (0.1992ms)
✔ getPostTypeLabel (2.1226ms)
▶ isValidPostCategoryKey
  ✔ accepts the two keys that round-trip onto Post.category (0.2429ms)
  ✔ is case-insensitive (admin data may not be lowercase) (0.1816ms)
  ✔ rejects any admin-added category that has no matching Post.category enum value (0.1367ms)
✔ isValidPostCategoryKey (0.8168ms)
▶ applyFeelingSelection / applyActivitySelection / clearFeeling / clearActivity (Feeling + Activity coexist)
  ✔ selecting a Feeling sets feeling fields and does NOT clear an existing Activity (0.3285ms)
  ✔ selecting an Activity sets activity fields and does NOT clear an existing Feeling (0.3082ms)
  ✔ Feeling AND Activity can both be set simultaneously by applying both in sequence, in either order (0.2257ms)
  ✔ changing Feeling while an Activity is set leaves Activity unchanged (e.g. Happy -> Excited, Activity stays Walking) (0.1905ms)
  ✔ changing Activity while a Feeling is set leaves Feeling unchanged (e.g. Playing -> Walking, Feeling stays Happy) (0.1717ms)
  ✔ clearFeeling removes only the Feeling fields, leaving Activity untouched (0.189ms)
  ✔ clearActivity removes only the Activity fields, leaving Feeling untouched (0.1672ms)
  ✔ does not mutate the input draft object (0.1412ms)
✔ applyFeelingSelection / applyActivitySelection / clearFeeling / clearActivity (Feeling + Activity coexist) (2.1524ms)
▶ isOverCaptionLimit (§29)
  ✔ accepts a caption below the maximum (0.1415ms)
  ✔ accepts a caption exactly at the maximum (0.0749ms)
  ✔ rejects a caption one character over the maximum (0.071ms)
✔ isOverCaptionLimit (§29) (0.4135ms)
▶ isBackgroundEligible (§14, §16, §30)
  ✔ eligible: no media, caption below the background limit (0.1316ms)
  ✔ eligible: no media, caption exactly at the background limit (0.0698ms)
  ✔ not eligible: no media, caption one character over the background limit (0.0634ms)
  ✔ not eligible: caption within the background limit but media is attached (0.0624ms)
  ✔ not eligible: both media attached AND caption over the background limit (0.066ms)
✔ isBackgroundEligible (§14, §16, §30) (0.536ms)
▶ shouldClearBackgroundForCaptionLength (§15, §30)
  ✔ clears when a background is selected and the new length crosses the limit (0.156ms)
  ✔ does not clear when the new length is still within the limit (0.1061ms)
  ✔ does not clear when no background is selected, even if over the limit (nothing to clear) (0.082ms)
  ✔ does not clear existing caption content — this function only ever decides the background field (0.0762ms)
✔ shouldClearBackgroundForCaptionLength (§15, §30) (0.5563ms)
▶ shouldClearBackgroundForMedia (§17, §18, §31)
  ✔ clears the background when media is added to a previously media-less, backgrounded draft (0.138ms)
  ✔ does not clear when there was no background selected (0.0644ms)
  ✔ does not re-fire once the draft already had media before this addition (background was already cleared on the first crossing) (0.067ms)
✔ shouldClearBackgroundForMedia (§17, §18, §31) (0.3637ms)
▶ togglePetSelection
  ✔ adds a pet id not yet present (0.8686ms)
  ✔ removes a pet id already present (0.1813ms)
  ✔ starts from empty (0.0873ms)
✔ togglePetSelection (1.256ms)
▶ toggleContentTagSelection
  ✔ adds a tag id not yet present (0.1608ms)
  ✔ removes a tag id already present (0.0977ms)
✔ toggleContentTagSelection (0.3509ms)
▶ buildMixedFeed
  ✔ returns only posts when there is nothing else to insert (7.3577ms)
  ✔ inserts an adoption card at the configured cadence (1.709ms)
  ✔ inserts a fundraising card at the configured cadence (0.2932ms)
  ✔ produces unique, stable composite keys across all 3 id spaces (0.197ms)
  ✔ appends leftover adoption/fundraising items even when posts run out (0.1412ms)
✔ buildMixedFeed (11.6043ms)
▶ normalizeMediaItem
  ✔ normalizes the real posts shape: nested media object, lowercase mimetype (1.4468ms)
  ✔ normalizes the real adoption shape: nested media object, camelCase mimeType (0.1521ms)
  ✔ normalizes the real fundraising shape: flat object, lowercase mimetype (0.1392ms)
  ✔ preserves an absolute URL untouched (URL resolution is getMediaUrl's job, not this) (0.1776ms)
  ✔ falls back to a bare `type` field when no mimetype/mimeType is present (0.1576ms)
  ✔ returns null (never a fabricated "/undefined" url) when no url exists anywhere (0.1253ms)
  ✔ returns null for null/undefined/non-object input (0.1171ms)
  ✔ treats an empty-string url the same as a missing url (0.1424ms)
✔ normalizeMediaItem (3.6875ms)
▶ normalizeMediaList
  ✔ handles null/undefined/non-array input as an empty list (0.2866ms)
  ✔ drops items with no resolvable url instead of producing broken entries (1.5508ms)
  ✔ normalizes a mixed batch across all three real backend shapes at once (0.3214ms)
✔ normalizeMediaList (2.4535ms)
✔ getMediaUrl helper handles empty, null, and undefined values defensively (1.3218ms)
✔ getMediaUrl preserves absolute HTTP URLs (0.1892ms)
✔ getMediaUrl formats relative media store paths against API base URL (0.3112ms)
✔ getMediaUrl resolves the real canonical /api/v1/media/<storageKey> path returned by the upload/serving contract to the correct API origin (0.1993ms)
✔ getMediaUrl passes blob: preview URLs through completely unchanged (0.1563ms)
✔ getMediaUrl passes data: URIs through completely unchanged (0.1312ms)
▶ createPreviewUrlTracker
  ✔ creates a URL via the injected createObjectURL and tracks it as active (1.2891ms)
  ✔ does NOT revoke anything merely because create() was called again for other files (no revoke-on-mutation) (0.2596ms)
  ✔ revoke() revokes exactly the requested URL exactly once and leaves others untouched (0.2701ms)
  ✔ revoke() on an already-revoked or unknown URL is a no-op (no double-revoke) (0.1879ms)
  ✔ revokeAll() revokes every currently active URL exactly once and clears tracking (0.3122ms)
  ✔ a URL removed then re-created (retry scenario) is tracked as active again under its own identity (0.4247ms)
✔ createPreviewUrlTracker (4.037ms)
▶ return-navigation
  ▶ hasInternalAppHistory
    ✔ is false before any app page has marked itself visited (1.0081ms)
    ✔ is false if visited but browser history has no real back target (0.3285ms)
    ✔ is true once an app page has visited AND there is real history to go back to (0.2286ms)
  ✔ hasInternalAppHistory (2.4892ms)
  ▶ saveScrollPosition / consumeScrollPosition
    ✔ round-trips a saved position for a given route key (0.4946ms)
    ✔ consumes (deletes) the value — a second read returns null (0.2938ms)
    ✔ keeps different route keys independent (0.3718ms)
    ✔ returns null for a route that was never saved (0.2864ms)
    ✔ ignores a non-positive/invalid saved value rather than restoring to a nonsensical position (0.2098ms)
  ✔ saveScrollPosition / consumeScrollPosition (2.113ms)
✔ return-navigation (5.1842ms)
▶ computeSingleSelectDisplay
  ✔ falls back to the placeholder when nothing is selected (1.5794ms)
  ✔ looks the selected key up in options when no explicit label is given (Post Type trigger displays the selected value) (0.3503ms)
  ✔ prefers an explicit selectedLabel over looking the key up (Category selector: cached label wins) (0.1479ms)
  ✔ falls back to the placeholder if the selected key isn't found in the currently loaded options (0.1685ms)
  ✔ handles a null/undefined options list gracefully (0.1513ms)
✔ computeSingleSelectDisplay (3.678ms)
▶ summarizeMultiSelectLabel
  ✔ falls back to the placeholder when nothing is selected (Tags selector displays placeholder) (0.2241ms)
  ✔ shows the single item's own label when exactly one is selected (Tags selector displays selected tag) (0.2053ms)
  ✔ summarizes as "<first> +<n more>" for multiple selections (Tags/Pet selector summarizes selection) (0.3123ms)
  ✔ applies the same summarization rule to Pet selection (Bruno +2) (0.2262ms)
✔ summarizeMultiSelectLabel (1.4427ms)
▶ computeAutoGrowHeight
  ✔ short content: grows to its natural height and stays non-scrollable (overflowY hidden) (1.5571ms)
  ✔ content exactly at the max: still non-scrollable (0.278ms)
  ✔ content above the max: height is capped at max and overflowY becomes auto (scrollable) — never 'hidden' (0.2264ms)
  ✔ height never exceeds maxHeight regardless of how much content there is (0.2271ms)
  ✔ applies the same rule independent of which maxHeight is passed (normal vs. background-preview ceilings) (0.1819ms)
✔ computeAutoGrowHeight (5.3003ms)
▶ Ad Break Calculator
  ▶ calculateAdBreaks
    ✔ should return empty array for zero/negative duration (1.4729ms)
    ✔ should return only pre-roll for very short videos (0.2449ms)
    ✔ should calculate correct pre-roll, mid-rolls, and post-roll for 10min video (0.1844ms)
    ✔ should calculate multiple mid-rolls for longer videos (0.2373ms)
    ✔ should respect custom break policy (0.2267ms)
    ✔ should disable mid-roll below minDurationForMidRoll (0.1943ms)
    ✔ should order breaks chronologically (0.2121ms)
  ✔ calculateAdBreaks (3.8516ms)
  ▶ getBreaksToFire
    ✔ should fire break when crossing its trigger point (0.454ms)
    ✔ should not re-fire already-served breaks (0.1664ms)
    ✔ should not fire when seeking backward (0.2307ms)
    ✔ should fire all breaks crossed during seek forward (0.1961ms)
    ✔ should handle empty break list (0.1348ms)
  ✔ getBreaksToFire (1.796ms)
  ▶ getNextBreak
    ✔ should return next upcoming break (0.2313ms)
    ✔ should skip already-served breaks (0.0896ms)
    ✔ should return null when no breaks remain (0.0876ms)
    ✔ should return null after video ends (0.0845ms)
  ✔ getNextBreak (0.8295ms)
✔ Ad Break Calculator (7.0905ms)
▶ Reels Ad Config
  ▶ shouldBeSponsored
    ✔ returns false if frequency <= 1 (1.1506ms)
    ✔ with frequency 3: positions 2, 5, 8, 11 are sponsored (0.2154ms)
    ✔ with frequency 2: every other position is sponsored (0.1628ms)
    ✔ with frequency 5: every 5th position is sponsored (0.1337ms)
  ✔ shouldBeSponsored (2.7615ms)
  ▶ getNextSponsoredPosition
    ✔ returns -1 if frequency <= 1 (0.2369ms)
    ✔ finds next sponsored with frequency 3 (0.1544ms)
    ✖ respects lookahead limit (2.0749ms)
    ✔ handles large position numbers (0.2167ms)
  ✖ getNextSponsoredPosition (3.0475ms)
  ▶ getImpressionThresholdLabel
    ✔ formats milliseconds < 1000 (0.2195ms)
    ✔ formats seconds >= 1000 (0.1709ms)
  ✔ getImpressionThresholdLabel (0.6763ms)
✖ Reels Ad Config (7.0914ms)
[PetSmartAdsClient] Ad request failed: [TypeError: fetch failed] {
  [cause]: AggregateError [ECONNREFUSED]: 
      at internalConnectMultiple (node:net:1194:18)
      at afterConnectMultiple (node:net:1784:7) {
    code: 'ECONNREFUSED',
    [errors]: [ [Error], [Error] ]
  }
}
▶ Reels Ad Manager
  ▶ reels frequency
    ✔ with frequency 3: every 3rd position gets sponsored reel (55.3776ms)
    ✔ with frequency 2: every other position is sponsored (0.4052ms)
    ✔ disabled frequency (frequency = 1) shows only organic (0.2717ms)
  ✔ reels frequency (57.0378ms)
  ▶ fast swipe handling
    ✔ view with duration < threshold does not count as impression (0.2497ms)
    ✔ view with duration >= threshold counts as impression (0.1448ms)
  ✔ fast swipe handling (0.5579ms)
  ▶ duplicate impression prevention
    ✔ same position viewed twice is only counted once (0.184ms)
    ✔ different positions each count separately (0.1584ms)
  ✔ duplicate impression prevention (0.5453ms)
  ▶ no-fill handling
    ✔ no-fill continues to organic reel (0.2242ms)
    ✔ no-fill result is cached (0.2577ms)
  ✔ no-fill handling (0.6425ms)
  ▶ reset and deduplication
    ✔ reset clears cached ads (0.3246ms)
    ✔ reset clears impression dedup tracking (0.1337ms)
  ✔ reset and deduplication (0.5658ms)
  ▶ prefetching
    ✔ prefetch requests ahead when enabled (0.2355ms)
    ✔ no prefetch if prefetchAhead = 0 (0.1098ms)
  ✔ prefetching (0.4355ms)
  ▶ lifecycle
    ✔ dispose clears all state (0.1123ms)
  ✔ lifecycle (0.1802ms)
✔ Reels Ad Manager (60.8455ms)
▶ Reels Ad Tracking
  ▶ isImpressionQualified
    ✔ returns false if view duration < threshold (1.9014ms)
    ✔ returns true if view duration >= threshold (0.1806ms)
    ✔ handles custom thresholds (0.1263ms)
    ✔ fast swipe (300ms) doesn't qualify with 1s threshold (0.1715ms)
    ✔ normal view (2s) qualifies with 1s threshold (0.2095ms)
  ✔ isImpressionQualified (3.7051ms)
  ▶ generateEventId
    ✔ generates stable event IDs (0.2657ms)
    ✔ different event types generate different IDs (0.1863ms)
    ✔ different deliveryRequestIds generate different IDs (0.14ms)
    ✔ event ID format includes both components (0.2102ms)
  ✔ generateEventId (1.2879ms)
  ▶ event tracking interface
    ✔ ReelsAdEvent has required fields (1.2349ms)
    ✔ ReelsAdEvent supports all event types (0.1854ms)
    ✔ ReelsAdEvent supports metadata for different event types (0.1672ms)
  ✔ event tracking interface (1.7661ms)
  ▶ impression deduplication
    ✔ same deliveryRequestId + impression type generates same eventId (0.2203ms)
    ✔ completion and impression have different IDs (0.1316ms)
  ✔ impression deduplication (0.4733ms)
✔ Reels Ad Tracking (7.884ms)
▶ Video Ad Player - State Machine
  ✔ should calculate pre/mid/post-roll breaks for 10min video (1.3812ms)
  ✔ should have no mid-rolls for short videos (0.2136ms)
  ✔ should have multiple mid-rolls for long videos (0.2567ms)
  ✔ should not duplicate breaks after seek (0.1814ms)
  ✔ should respect feature policy (0.2466ms)
✔ Video Ad Player - State Machine (3.7922ms)
▶ watch-analytics
  ✔ never emits anything for an empty/invalid postId (1.0804ms)
  ✔ flushes each event type at most once per watch (1.7881ms)
  ✔ rotates to a brand-new session on replay so milestones are not dropped (0.5695ms)
  ✔ debounces a busy session into a single batched flush (0.4418ms)
  ✔ records quality change and not-interested with values (0.3072ms)
  ✔ quality values are capped at 120 chars (0.2702ms)
  ✔ trackNotInterested mints its own one-off session (0.3176ms)
  ✔ swallows transport failures so the caller never sees an error (4.3013ms)
✔ watch-analytics (10.4796ms)
ℹ tests 298
ℹ suites 65
ℹ pass 297
ℹ fail 1
ℹ cancelled 0
ℹ skipped 0
ℹ todo 0
ℹ duration_ms 7079.9523

✖ failing tests:

test at src\lib\video\reels-ad-config.test.ts:2:3974
✖ respects lookahead limit (2.0749ms)
  AssertionError [ERR_ASSERTION]: Expected values to be strictly equal:
  
  19 !== -1
  
      at TestContext.<anonymous> (D:\wpa\furtail\furtail_web\src\lib\video\reels-ad-config.test.ts:70:14)
      at Test.runInAsyncScope (node:async_hooks:227:14)
      at Test.run (node:internal/test_runner/test:1325:25)
      at Suite.processPendingSubtests (node:internal/test_runner/test:911:18)
      at Test.postRun (node:internal/test_runner/test:1465:19)
      at Test.run (node:internal/test_runner/test:1390:12)
      at async Suite.processPendingSubtests (node:internal/test_runner/test:911:7) {
    generatedMessage: true,
    code: 'ERR_ASSERTION',
    actual: 19,
    expected: -1,
    operator: 'strictEqual',
    diff: 'simple'
  }
